###############################################################################
#
# IAR ELF Linker V7.20.5.7591/W32 for ARM                 02/Sep/2018  14:19:45
# Copyright 2007-2014 IAR Systems AB.
#
#    Output file  =  
#        F:\Guardrail Work\Sensor Code\Git Repo\Sensor Code Sequential ADC
#        Reads\Shanit Origional Code\Connectivity Test\Debug\Exe\Connectivity
#        Test.out
#    Map file     =  
#        F:\Guardrail Work\Sensor Code\Git Repo\Sensor Code Sequential ADC
#        Reads\Shanit Origional Code\Connectivity Test\Debug\List\Connectivity
#        Test.map
#    Command line =  
#        "F:\Guardrail Work\Sensor Code\Git Repo\Sensor Code Sequential ADC
#        Reads\Shanit Origional Code\Connectivity Test\Debug\Obj\AD1.o"
#        "F:\Guardrail Work\Sensor Code\Git Repo\Sensor Code Sequential ADC
#        Reads\Shanit Origional Code\Connectivity Test\Debug\Obj\CommUtil.o"
#        "F:\Guardrail Work\Sensor Code\Git Repo\Sensor Code Sequential ADC
#        Reads\Shanit Origional Code\Connectivity
#        Test\Debug\Obj\ConnectivityMenus.o" "F:\Guardrail Work\Sensor Code\Git
#        Repo\Sensor Code Sequential ADC Reads\Shanit Origional
#        Code\Connectivity Test\Debug\Obj\crt0.o" "F:\Guardrail Work\Sensor
#        Code\Git Repo\Sensor Code Sequential ADC Reads\Shanit Origional
#        Code\Connectivity Test\Debug\Obj\Interrupt.o" "F:\Guardrail
#        Work\Sensor Code\Git Repo\Sensor Code Sequential ADC Reads\Shanit
#        Origional Code\Connectivity Test\Debug\Obj\Keyboard.o" "F:\Guardrail
#        Work\Sensor Code\Git Repo\Sensor Code Sequential ADC Reads\Shanit
#        Origional Code\Connectivity Test\Debug\Obj\LED.o" "F:\Guardrail
#        Work\Sensor Code\Git Repo\Sensor Code Sequential ADC Reads\Shanit
#        Origional Code\Connectivity Test\Debug\Obj\main.o" "F:\Guardrail
#        Work\Sensor Code\Git Repo\Sensor Code Sequential ADC Reads\Shanit
#        Origional Code\Connectivity Test\Debug\Obj\mcg.o" "F:\Guardrail
#        Work\Sensor Code\Git Repo\Sensor Code Sequential ADC Reads\Shanit
#        Origional Code\Connectivity Test\PLM\Interface\mmcau_lib.a"
#        "F:\Guardrail Work\Sensor Code\Git Repo\Sensor Code Sequential ADC
#        Reads\Shanit Origional Code\Connectivity Test\Debug\Obj\MsgSystem.o"
#        "F:\Guardrail Work\Sensor Code\Git Repo\Sensor Code Sequential ADC
#        Reads\Shanit Origional Code\Connectivity Test\Debug\Obj\NV_Flash.o"
#        "F:\Guardrail Work\Sensor Code\Git Repo\Sensor Code Sequential ADC
#        Reads\Shanit Origional Code\Connectivity Test\Debug\Obj\NV_FlashHAL.o"
#        "F:\Guardrail Work\Sensor Code\Git Repo\Sensor Code Sequential ADC
#        Reads\Shanit Origional Code\Connectivity Test\Debug\Obj\PhyISR.o"
#        "F:\Guardrail Work\Sensor Code\Git Repo\Sensor Code Sequential ADC
#        Reads\Shanit Origional Code\Connectivity
#        Test\Debug\Obj\PhyPacketProcessor.o" "F:\Guardrail Work\Sensor
#        Code\Git Repo\Sensor Code Sequential ADC Reads\Shanit Origional
#        Code\Connectivity Test\Debug\Obj\PhyPlmeData.o" "F:\Guardrail
#        Work\Sensor Code\Git Repo\Sensor Code Sequential ADC Reads\Shanit
#        Origional Code\Connectivity Test\Debug\Obj\PhyTime.o" "F:\Guardrail
#        Work\Sensor Code\Git Repo\Sensor Code Sequential ADC Reads\Shanit
#        Origional Code\Connectivity Test\Debug\Obj\PWRLib.o" "F:\Guardrail
#        Work\Sensor Code\Git Repo\Sensor Code Sequential ADC Reads\Shanit
#        Origional Code\Connectivity Test\Debug\Obj\SimplePhy.o" "F:\Guardrail
#        Work\Sensor Code\Git Repo\Sensor Code Sequential ADC Reads\Shanit
#        Origional Code\Connectivity Test\Debug\Obj\SMAC.o" "F:\Guardrail
#        Work\Sensor Code\Git Repo\Sensor Code Sequential ADC Reads\Shanit
#        Origional Code\Connectivity Test\Debug\Obj\Timer.o" "F:\Guardrail
#        Work\Sensor Code\Git Repo\Sensor Code Sequential ADC Reads\Shanit
#        Origional Code\Connectivity Test\Debug\Obj\TransceiverDrv.o"
#        "F:\Guardrail Work\Sensor Code\Git Repo\Sensor Code Sequential ADC
#        Reads\Shanit Origional Code\Connectivity Test\Debug\Obj\UART.o"
#        "F:\Guardrail Work\Sensor Code\Git Repo\Sensor Code Sequential ADC
#        Reads\Shanit Origional Code\Connectivity Test\Debug\Obj\USB.o"
#        "F:\Guardrail Work\Sensor Code\Git Repo\Sensor Code Sequential ADC
#        Reads\Shanit Origional Code\Connectivity Test\Debug\Obj\usb_cdc.o"
#        "F:\Guardrail Work\Sensor Code\Git Repo\Sensor Code Sequential ADC
#        Reads\Shanit Origional Code\Connectivity
#        Test\Debug\Obj\usb_cdc_descriptor.o" "F:\Guardrail Work\Sensor
#        Code\Git Repo\Sensor Code Sequential ADC Reads\Shanit Origional
#        Code\Connectivity Test\Debug\Obj\usb_cdc_pstn.o" "F:\Guardrail
#        Work\Sensor Code\Git Repo\Sensor Code Sequential ADC Reads\Shanit
#        Origional Code\Connectivity Test\Debug\Obj\usb_class.o" "F:\Guardrail
#        Work\Sensor Code\Git Repo\Sensor Code Sequential ADC Reads\Shanit
#        Origional Code\Connectivity Test\Debug\Obj\usb_dci.o" "F:\Guardrail
#        Work\Sensor Code\Git Repo\Sensor Code Sequential ADC Reads\Shanit
#        Origional Code\Connectivity Test\Debug\Obj\usb_descriptor.o"
#        "F:\Guardrail Work\Sensor Code\Git Repo\Sensor Code Sequential ADC
#        Reads\Shanit Origional Code\Connectivity Test\Debug\Obj\usb_driver.o"
#        "F:\Guardrail Work\Sensor Code\Git Repo\Sensor Code Sequential ADC
#        Reads\Shanit Origional Code\Connectivity
#        Test\Debug\Obj\usb_framework.o" "F:\Guardrail Work\Sensor Code\Git
#        Repo\Sensor Code Sequential ADC Reads\Shanit Origional
#        Code\Connectivity Test\Debug\Obj\usb_hid.o" "F:\Guardrail Work\Sensor
#        Code\Git Repo\Sensor Code Sequential ADC Reads\Shanit Origional
#        Code\Connectivity Test\Debug\Obj\usb_sim_settings.o" "F:\Guardrail
#        Work\Sensor Code\Git Repo\Sensor Code Sequential ADC Reads\Shanit
#        Origional Code\Connectivity Test\Debug\Obj\UsbMsgQueue.o"
#        "F:\Guardrail Work\Sensor Code\Git Repo\Sensor Code Sequential ADC
#        Reads\Shanit Origional Code\Connectivity Test\Debug\Obj\Utilities.o"
#        "F:\Guardrail Work\Sensor Code\Git Repo\Sensor Code Sequential ADC
#        Reads\Shanit Origional Code\Connectivity Test\Debug\Obj\vectors.o"
#        "F:\Guardrail Work\Sensor Code\Git Repo\Sensor Code Sequential ADC
#        Reads\Shanit Origional Code\Connectivity Test\Debug\Obj\virtual_com.o"
#        "F:\Guardrail Work\Sensor Code\Git Repo\Sensor Code Sequential ADC
#        Reads\Shanit Origional Code\Connectivity Test\Debug\Obj\wdog.o" -o
#        "F:\Guardrail Work\Sensor Code\Git Repo\Sensor Code Sequential ADC
#        Reads\Shanit Origional Code\Connectivity Test\Debug\Exe\Connectivity
#        Test.out" --redirect _Printf=_PrintfTiny --redirect _Scanf=_ScanfSmall
#        --map "F:\Guardrail Work\Sensor Code\Git Repo\Sensor Code Sequential
#        ADC Reads\Shanit Origional Code\Connectivity
#        Test\Debug\List\Connectivity Test.map" --log
#        initialization,modules,sections,veneers --log_file "F:\Guardrail
#        Work\Sensor Code\Git Repo\Sensor Code Sequential ADC Reads\Shanit
#        Origional Code\Connectivity Test\Debug\List\Connectivity Test.log"
#        --config "F:\Guardrail Work\Sensor Code\Git Repo\Sensor Code
#        Sequential ADC Reads\Shanit Origional Code\Connectivity
#        Test\PLM\Environment\MKW24D512V_myLinkerConfig.icf" --diag_suppress
#        Lt010,Lt018 --semihosting --entry __iar_program_start --redirect
#        __write=__write_buffered --no_exceptions --merge_duplicate_sections
#        --no_vfe
#
###############################################################################

*******************************************************************************
*** RUNTIME MODEL ATTRIBUTES
***

CppFlavor       = *
__SystemLibrary = DLib


*******************************************************************************
*** PLACEMENT SUMMARY
***

"A1":  place at 0x00000000 { ro section .intvec };
"P2":  place in [from 0x00000000 to 0x000003ff] |
                [from 0x00000410 to 0x0007b7ff] { ro, block CodeRelocate };
"P3":  place in [from 0x1fff8000 to 0x1fffffff] |
                [from 0x20000000 to 0x20007bff] { rw, block CodeRelocateRam };

  Section              Kind        Address    Size  Object
  -------              ----        -------    ----  ------
"A1":                                        0x144
  .intvec              const    0x00000000   0x144  vectors.o [1]
                              - 0x00000144   0x144

"P2", part 1 of 2:                             0xc
  .rodata              const    0x00000144     0x0  zero_init3.o [4]
  .rodata              const    0x00000144     0x0  copy_init3.o [4]
  Initializer bytes    ro data  0x00000144     0xc  <for P3 s0>
                              - 0x00000150     0xc

"P2", part 2 of 2:                          0x67c0
  .text                ro code  0x00000410  0x1e5e  main.o [1]
  .text                ro code  0x0000226e    0x2e  copy_init3.o [4]
  .text                ro code  0x0000229c   0x200  AD1.o [1]
  .text                ro code  0x0000249c   0x712  SMAC.o [1]
  .text                ro code  0x00002bae    0x22  zero_init3.o [4]
  .text                ro code  0x00002bd0    0x56  ABImemcpy_unaligned.o [4]
  .text                ro code  0x00002c26    0x24  ConnectivityMenus.o [1]
  .text                ro code  0x00002c4c   0x3a8  LED.o [1]
  .text                ro code  0x00002ff4   0x500  Timer.o [1]
  .text                ro code  0x000034f4   0x170  Interrupt.o [1]
  .text                ro code  0x00003664    0xd4  Utilities.o [1]
  .text                ro code  0x00003738   0x3f4  NV_FlashHAL.o [1]
  .text                ro code  0x00003b2c   0x208  PWRLib.o [1]
  .text                ro code  0x00003d34   0x918  TransceiverDrv.o [1]
  .text                ro code  0x0000464c   0x1aa  MsgSystem.o [1]
  .text                ro code  0x000047f8  0x142c  UART.o [1]
  .text                ro code  0x00005c24    0xac  Keyboard.o [1]
  Veneer               ro code  0x00005cd0     0x8  - Linker created -
  .text                ro code  0x00005cd8   0x168  mcg.o [1]
  .text                ro code  0x00005e40   0x2b2  PhyPlmeData.o [1]
  .text                ro code  0x000060f4   0x25e  PhyPacketProcessor.o [1]
  .text                ro code  0x00006352    0x10  SimplePhy.o [1]
  .text                ro code  0x00006362    0xc2  PhyTime.o [1]
  .text                ro code  0x00006424    0xe4  CommUtil.o [1]
  .text                ro code  0x00006508   0x3c8  PhyISR.o [1]
  .text                ro code  0x000068d0    0x60  crt0.o [1]
  CodeRelocate                  0x00006930    0x48  <Block>
    Initializer bytes  ro data  0x00006930    0x48  <for CodeRelocateRam-1>
  .rodata              const    0x00006978    0x30  ConnectivityMenus.o [1]
  .rodata              const    0x000069a8    0x30  ConnectivityMenus.o [1]
  .text                ro code  0x000069d8    0x28  data_init.o [4]
  .rodata              const    0x00006a00    0x24  ConnectivityMenus.o [1]
  .rodata              const    0x00006a24    0x24  ConnectivityMenus.o [1]
  .iar.init_table      const    0x00006a48    0x38  - Linker created -
  .rodata              const    0x00006a80    0x20  main.o [1]
  .rodata              const    0x00006aa0    0x20  PhyPlmeData.o [1]
  .text                ro code  0x00006ac0    0x1a  cmain.o [4]
  .text                ro code  0x00006ada     0x4  exit.o [3]
  .text                ro code  0x00006ae0     0xa  cexit.o [4]
  .text                ro code  0x00006aec    0x14  exit.o [5]
  .rodata              const    0x00006b00    0x14  ConnectivityMenus.o [1]
  .rodata              const    0x00006b14    0x10  PhyPlmeData.o [1]
  .rodata              const    0x00006b24    0x10  UART.o [1]
  .rodata              const    0x00006b34     0xc  ConnectivityMenus.o [1]
  .rodata              const    0x00006b40     0xc  ConnectivityMenus.o [1]
  .rodata              const    0x00006b4c     0xc  ConnectivityMenus.o [1]
  .rodata              const    0x00006b58     0xc  ConnectivityMenus.o [1]
  .rodata              const    0x00006b64     0xc  MsgSystem.o [1]
  .text                ro code  0x00006b70     0xc  vectors.o [1]
  .text                ro code  0x00006b7c     0xc  cstartup_M.o [4]
  .rodata              const    0x00006b88     0x8  ConnectivityMenus.o [1]
  .rodata              const    0x00006b90     0x8  ConnectivityMenus.o [1]
  .rodata              const    0x00006b98     0x8  ConnectivityMenus.o [1]
  .rodata              const    0x00006ba0     0x8  ConnectivityMenus.o [1]
  .rodata              const    0x00006ba8     0x8  ConnectivityMenus.o [1]
  .rodata              const    0x00006bb0     0x8  ConnectivityMenus.o [1]
  .rodata              const    0x00006bb8     0x4  ConnectivityMenus.o [1]
  .rodata              const    0x00006bbc     0x4  ConnectivityMenus.o [1]
  .rodata              const    0x00006bc0     0x4  ConnectivityMenus.o [1]
  .rodata              const    0x00006bc4     0x4  main.o [1]
  .rodata              const    0x00006bc8     0x4  main.o [1]
  .rodata              const    0x00006bcc     0x4  NV_FlashHAL.o [1]
                              - 0x00006bd0  0x67c0

"P3":                                       0x12c4
  CodeRelocateRam               0x1fff8000    0x48  <Block>
    CodeRelocateRam-1           0x1fff8000    0x48  <Init block>
      .textrw          inited   0x1fff8000    0x48  mcg.o [1]
  P3 s0                         0x1fff8048     0xc  <Init block>
    .data              inited   0x1fff8048     0x4  Timer.o [1]
    .data              inited   0x1fff804c     0x2  main.o [1]
    .data              inited   0x1fff804e     0x1  LED.o [1]
    .data              inited   0x1fff804f     0x1  main.o [1]
    .data              inited   0x1fff8050     0x1  main.o [1]
    .data              inited   0x1fff8051     0x1  PhyPlmeData.o [1]
  .bss                 zero     0x1fff8054   0xb7c  MsgSystem.o [1]
  .bss                 zero     0x1fff8bd0   0x198  Timer.o [1]
  .bss                 zero     0x1fff8d68    0xfc  UART.o [1]
  .bss                 zero     0x1fff8e64    0xd0  UART.o [1]
  .bss                 zero     0x1fff8f34    0x84  main.o [1]
  .bss                 zero     0x1fff8fb8    0x80  main.o [1]
  .bss                 zero     0x1fff9038    0x48  main.o [1]
  .bss                 zero     0x1fff9080    0x24  MsgSystem.o [1]
  .bss                 zero     0x1fff90a4    0x24  Timer.o [1]
  .bss                 zero     0x1fff90c8    0x20  main.o [1]
  .bss                 zero     0x1fff90e8    0x20  main.o [1]
  .bss                 zero     0x1fff9108    0x20  main.o [1]
  .bss                 zero     0x1fff9128    0x20  main.o [1]
  .bss                 zero     0x1fff9148    0x20  main.o [1]
  .bss                 zero     0x1fff9168    0x20  main.o [1]
  .bss                 zero     0x1fff9188    0x20  main.o [1]
  .bss                 zero     0x1fff91a8    0x18  main.o [1]
  .bss                 zero     0x1fff91c0    0x18  UART.o [1]
  .bss                 zero     0x1fff91d8    0x14  main.o [1]
  .bss                 zero     0x1fff91ec     0xc  PhyISR.o [1]
  .bss                 zero     0x1fff91f8     0x8  main.o [1]
  .bss                 zero     0x1fff9200     0x8  SMAC.o [1]
  .bss                 zero     0x1fff9208     0x4  LED.o [1]
  .bss                 zero     0x1fff920c     0x4  main.o [1]
  .bss                 zero     0x1fff9210     0x4  main.o [1]
  .bss                 zero     0x1fff9214     0x4  main.o [1]
  .bss                 zero     0x1fff9218     0x4  main.o [1]
  .bss                 zero     0x1fff921c     0x4  main.o [1]
  .bss                 zero     0x1fff9220     0x4  main.o [1]
  .bss                 zero     0x1fff9224     0x4  main.o [1]
  .bss                 zero     0x1fff9228     0x4  main.o [1]
  .bss                 zero     0x1fff922c     0x4  main.o [1]
  .bss                 zero     0x1fff9230     0x4  main.o [1]
  .bss                 zero     0x1fff9234     0x4  main.o [1]
  .bss                 zero     0x1fff9238     0x4  main.o [1]
  .bss                 zero     0x1fff923c     0x4  main.o [1]
  .bss                 zero     0x1fff9240     0x4  main.o [1]
  .bss                 zero     0x1fff9244     0x4  main.o [1]
  .bss                 zero     0x1fff9248     0x4  mcg.o [1]
  .bss                 zero     0x1fff924c     0x4  mcg.o [1]
  .bss                 zero     0x1fff9250     0x4  mcg.o [1]
  .bss                 zero     0x1fff9254     0x4  MsgSystem.o [1]
  .bss                 zero     0x1fff9258     0x4  NV_FlashHAL.o [1]
  .bss                 zero     0x1fff925c     0x4  PhyISR.o [1]
  .bss                 zero     0x1fff9260     0x4  PhyISR.o [1]
  .bss                 zero     0x1fff9264     0x4  PWRLib.o [1]
  .bss                 zero     0x1fff9268     0x4  SMAC.o [1]
  .bss                 zero     0x1fff926c     0x4  SMAC.o [1]
  .bss                 zero     0x1fff9270     0x4  SMAC.o [1]
  .bss                 zero     0x1fff9274     0x4  SMAC.o [1]
  .bss                 zero     0x1fff9278     0x4  Timer.o [1]
  .bss                 zero     0x1fff927c     0x4  UART.o [1]
  .bss                 zero     0x1fff9280     0x4  UART.o [1]
  .bss                 zero     0x1fff9284     0x2  main.o [1]
  .bss                 zero     0x1fff9286     0x2  main.o [1]
  .bss                 zero     0x1fff9288     0x2  SMAC.o [1]
  .bss                 zero     0x1fff928a     0x2  Timer.o [1]
  .bss                 zero     0x1fff928c     0x2  Timer.o [1]
  .bss                 zero     0x1fff928e     0x1  LED.o [1]
  .bss                 zero     0x1fff928f     0x1  LED.o [1]
  .bss                 zero     0x1fff9290     0x1  main.o [1]
  .bss                 zero     0x1fff9291     0x1  main.o [1]
  .bss                 zero     0x1fff9292     0x1  main.o [1]
  .bss                 zero     0x1fff9293     0x1  main.o [1]
  .bss                 zero     0x1fff9294     0x1  main.o [1]
  .bss                 zero     0x1fff9295     0x1  main.o [1]
  .bss                 zero     0x1fff9296     0x1  main.o [1]
  .bss                 zero     0x1fff9297     0x1  main.o [1]
  .bss                 zero     0x1fff9298     0x1  main.o [1]
  .bss                 zero     0x1fff9299     0x1  main.o [1]
  .bss                 zero     0x1fff929a     0x1  main.o [1]
  .bss                 zero     0x1fff929b     0x1  main.o [1]
  .bss                 zero     0x1fff929c     0x1  main.o [1]
  .bss                 zero     0x1fff929d     0x1  main.o [1]
  .bss                 zero     0x1fff929e     0x1  main.o [1]
  .bss                 zero     0x1fff929f     0x1  main.o [1]
  .bss                 zero     0x1fff92a0     0x1  main.o [1]
  .bss                 zero     0x1fff92a1     0x1  main.o [1]
  .bss                 zero     0x1fff92a2     0x1  main.o [1]
  .bss                 zero     0x1fff92a3     0x1  main.o [1]
  .bss                 zero     0x1fff92a4     0x1  main.o [1]
  .bss                 zero     0x1fff92a5     0x1  main.o [1]
  .bss                 zero     0x1fff92a6     0x1  main.o [1]
  .bss                 zero     0x1fff92a7     0x1  main.o [1]
  .bss                 zero     0x1fff92a8     0x1  main.o [1]
  .bss                 zero     0x1fff92a9     0x1  main.o [1]
  .bss                 zero     0x1fff92aa     0x1  main.o [1]
  .bss                 zero     0x1fff92ab     0x1  main.o [1]
  .bss                 zero     0x1fff92ac     0x1  main.o [1]
  .bss                 zero     0x1fff92ad     0x1  main.o [1]
  .bss                 zero     0x1fff92ae     0x1  main.o [1]
  .bss                 zero     0x1fff92af     0x1  main.o [1]
  .bss                 zero     0x1fff92b0     0x1  main.o [1]
  .bss                 zero     0x1fff92b1     0x1  main.o [1]
  .bss                 zero     0x1fff92b2     0x1  main.o [1]
  .bss                 zero     0x1fff92b3     0x1  main.o [1]
  .bss                 zero     0x1fff92b4     0x1  main.o [1]
  .bss                 zero     0x1fff92b5     0x1  MsgSystem.o [1]
  .bss                 zero     0x1fff92b6     0x1  SMAC.o [1]
  .bss                 zero     0x1fff92b7     0x1  SMAC.o [1]
  .bss                 zero     0x1fff92b8     0x1  SMAC.o [1]
  .bss                 zero     0x1fff92b9     0x1  SMAC.o [1]
  .bss                 zero     0x1fff92ba     0x1  SMAC.o [1]
  .bss                 zero     0x1fff92bb     0x1  Timer.o [1]
  .bss                 zero     0x1fff92bc     0x1  Timer.o [1]
  .bss                 zero     0x1fff92bd     0x1  Timer.o [1]
  .bss                 zero     0x1fff92be     0x1  UART.o [1]
  .bss                 zero     0x1fff92bf     0x1  UART.o [1]
  .bss                 zero     0x1fff92c0     0x1  UART.o [1]
  .bss                 zero     0x1fff92c1     0x1  UART.o [1]
  .bss                 zero     0x1fff92c2     0x1  UART.o [1]
                              - 0x1fff92c3  0x12c3


*******************************************************************************
*** INIT TABLE
***

          Address     Size
          -------     ----
Zero (__iar_zero_init3)
    1 destination range, total size 0x126f:
          0x1fff8054  0x126f

Copy (__iar_copy_init3)
    1 source range, total size 0x48:
          0x00006930    0x48
    1 destination range, total size 0x48:
          0x1fff8000    0x48

Copy (__iar_copy_init3)
    1 source range, total size 0xc (120% of destination):
          0x00000144     0xc
    1 destination range, total size 0xa:
          0x1fff8048     0xa



*******************************************************************************
*** MODULE SUMMARY
***

    Module                 ro code  rw code  ro data  rw data
    ------                 -------  -------  -------  -------
F:\Guardrail Work\Sensor Code\Git Repo\Sensor Code Sequential ADC Reads\Shanit Origional Code\Connectivity Test\Debug\Obj: [1]
    AD1.o                      512
    CommUtil.o                 228
    ConnectivityMenus.o         36               296
    Interrupt.o                368
    Keyboard.o                 172
    LED.o                      936                 1        7
    MsgSystem.o                426                12    2 981
    NV_FlashHAL.o            1 012                 4        4
    PWRLib.o                   520                          4
    PhyISR.o                   968                         20
    PhyPacketProcessor.o       606
    PhyPlmeData.o              690                49        1
    PhyTime.o                  194
    SMAC.o                   1 810                         31
    SimplePhy.o                 16
    Timer.o                  1 280                 4      459
    TransceiverDrv.o         2 328
    UART.o                   5 164                16      497
    Utilities.o                212
    crt0.o                      96
    main.o                   7 774                44      713
    mcg.o                      360       72       72       12
    vectors.o                   12               324
    ---------------------------------------------------------
    Total:                  25 720       72      822    4 729

command line: [2]
    ---------------------------------------------------------
    Total:

dl7M_tln.a: [3]
    exit.o                       4
    ---------------------------------------------------------
    Total:                       4

rt7M_tl.a: [4]
    ABImemcpy_unaligned.o       86
    cexit.o                     10
    cmain.o                     26
    copy_init3.o                46
    cstartup_M.o                12
    data_init.o                 40
    zero_init3.o                34
    ---------------------------------------------------------
    Total:                     254

shb_l.a: [5]
    exit.o                      20
    ---------------------------------------------------------
    Total:                      20

    Gaps                        10
    Linker created               8                58
-------------------------------------------------------------
    Grand Total:            26 016       72      880    4 729


*******************************************************************************
*** ENTRY LIST
***

Entry                      Address   Size  Type      Object
-----                      -------   ----  ----      ------
?main                   0x00006ac1         Code  Gb  cmain.o [4]
ADCInit                 0x0000229d  0x104  Code  Gb  AD1.o [1]
AXIS                    0x1fff9234    0x4  Data  Gb  main.o [1]
AppLedTimerCallback     0x00002265    0xa  Code  Gb  main.o [1]
ChooseBestChannel       0x00000bd5   0xe4  Code  Gb  main.o [1]
ClearADCContents        0x000023a1   0x26  Code  Gb  AD1.o [1]
CodeRelocate$$Base      0x00006930          --   Gb  - Linker created -
CodeRelocate$$Limit     0x00006978          --   Gb  - Linker created -
CodeRelocateRam$$Base   0x1fff8000          --   Gb  - Linker created -
CodeRelocateRam$$Limit  0x1fff8048          --   Gb  - Linker created -
CommRxCallback          0x00001f65   0x22  Code  Gb  main.o [1]
CommUtil_Print          0x0000648d   0x70  Code  Gb  CommUtil.o [1]
CommUtil_Tx             0x00006435   0x58  Code  Gb  CommUtil.o [1]
CommUtil_TxCallback     0x00006425   0x10  Code  Gb  CommUtil.o [1]
ConversionAComplete     0x000023c7   0x10  Code  Gb  AD1.o [1]
CopyBinaryPacketToSMAC  0x00001259  0x1dc  Code  Gb  main.o [1]
CopyOptPacketToSMAC     0x0000145d   0xfc  Code  Gb  main.o [1]
CopyOptionsFromRecvPacket
                        0x00001089   0xc4  Code  Gb  main.o [1]
CopyPngPacketToSMAC     0x000011dd   0x44  Code  Gb  main.o [1]
EffectiveWrBytesCnt     0x1fff9258    0x4  Data  Gb  NV_FlashHAL.o [1]
FlashSaveOptions        0x000016d7   0x60  Code  Gb  main.o [1]
GetConversionValue      0x0000241d    0x6  Code  Gb  AD1.o [1]
GetDeviceData           0x00000967   0xe6  Code  Gb  main.o [1]
GetFactoryOptions       0x00001737   0x34  Code  Gb  main.o [1]
GetLinkQdBm             0x00000bc5   0x10  Code  Gb  main.o [1]
GetRandomNibble         0x00000b8b   0x3a  Code  Gb  main.o [1]
GlobalDataInit          0x00001965   0x82  Code  Gb  main.o [1]
INIT_PIT                0x00000a4d   0x48  Code  Gb  main.o [1]
InitAccelControlls      0x000008f5   0x72  Code  Gb  main.o [1]
InitPacket              0x000015c1  0x116  Code  Gb  main.o [1]
InitProject             0x000017d1  0x190  Code  Lc  main.o [1]
InitSmac                0x000019e7   0x48  Code  Gb  main.o [1]
IntDisableAll           0x00003621    0xc  Code  Gb  Interrupt.o [1]
IntRestoreAll           0x0000361b    0x6  Code  Gb  Interrupt.o [1]
KeyboardInit            0x00005c25   0x2e  Code  Gb  Keyboard.o [1]
LED_DecrementBlip       0x00002ee7   0x52  Code  Lc  LED.o [1]
LED_ExitSerialFlash     0x00002ec3   0x24  Code  Lc  LED.o [1]
LED_FlashTimeout        0x00002f39   0x8c  Code  Lc  LED.o [1]
LED_Init                0x00002c4d   0x7e  Code  Gb  LED.o [1]
LED_SetLed              0x00002e4b   0x78  Code  Gb  LED.o [1]
LED_StartBlip           0x00002dcd   0x30  Code  Gb  LED.o [1]
LED_StartFlash          0x00002daf   0x1e  Code  Gb  LED.o [1]
LED_StartSerialFlash    0x00002e25   0x26  Code  Gb  LED.o [1]
LED_StopFlash           0x00002dfd   0x28  Code  Gb  LED.o [1]
LED_StopFlashingAllLeds
                        0x00002da3    0xc  Code  Gb  LED.o [1]
LED_ToggleLed           0x00002d57   0x42  Code  Gb  LED.o [1]
LED_TurnOffAllLeds      0x00002d99    0xa  Code  Gb  LED.o [1]
LED_TurnOffLed          0x00002d15   0x42  Code  Gb  LED.o [1]
LED_TurnOnLed           0x00002ccb   0x4a  Code  Gb  LED.o [1]
List_AddTail            0x000046c9   0x34  Code  Gb  MsgSystem.o [1]
List_ClearAnchor        0x000046c3    0x6  Code  Gb  MsgSystem.o [1]
List_RemoveHead         0x000046fd   0x30  Code  Gb  MsgSystem.o [1]
LowPowerEntered         0x1fff92b1    0x1  Data  Gb  main.o [1]
MC1324xDrv_DirectAccessSPIMultiByteRead
                        0x0000418b  0x12e  Code  Gb  TransceiverDrv.o [1]
MC1324xDrv_DirectAccessSPIMultiByteWrite
                        0x00003e95  0x12c  Code  Gb  TransceiverDrv.o [1]
MC1324xDrv_DirectAccessSPIRead
                        0x000040db   0xb0  Code  Gb  TransceiverDrv.o [1]
MC1324xDrv_DirectAccessSPIWrite
                        0x00003dfd   0x98  Code  Gb  TransceiverDrv.o [1]
MC1324xDrv_IRQ_Clear    0x00004559    0xe  Code  Gb  TransceiverDrv.o [1]
MC1324xDrv_IRQ_Disable  0x00004531    0xe  Code  Gb  TransceiverDrv.o [1]
MC1324xDrv_IRQ_Enable   0x0000453f   0x1a  Code  Gb  TransceiverDrv.o [1]
MC1324xDrv_IRQ_PortConfig
                        0x00004505   0x1a  Code  Gb  TransceiverDrv.o [1]
MC1324xDrv_IndirectAccessSPIRead
                        0x0000447b   0x8a  Code  Gb  TransceiverDrv.o [1]
MC1324xDrv_IndirectAccessSPIWrite
                        0x000043d9   0xa2  Code  Gb  TransceiverDrv.o [1]
MC1324xDrv_IsIrqPending
                        0x0000451f   0x12  Code  Gb  TransceiverDrv.o [1]
MC1324xDrv_PB_SPIBurstRead
                        0x000042b9  0x120  Code  Gb  TransceiverDrv.o [1]
MC1324xDrv_PB_SPIBurstWrite
                        0x00003fc1  0x11a  Code  Gb  TransceiverDrv.o [1]
MC1324xDrv_RST_B_Assert
                        0x00004599    0xe  Code  Gb  TransceiverDrv.o [1]
MC1324xDrv_RST_B_Deassert
                        0x000045a7    0xe  Code  Gb  TransceiverDrv.o [1]
MC1324xDrv_RST_B_PortConfig
                        0x00004567   0x32  Code  Gb  TransceiverDrv.o [1]
MC1324xDrv_SPIInit      0x00003d35   0xc8  Code  Gb  TransceiverDrv.o [1]
MC1324xDrv_Set_CLK_OUT_Freq
                        0x00004629   0x24  Code  Gb  TransceiverDrv.o [1]
MCG_PLLInit             0x00005cd9   0xda  Code  Gb  mcg.o [1]
MCG_Pee2Fei             0x00005db3   0x68  Code  Gb  mcg.o [1]
MCG_SetSysDividers      0x1fff8001   0x48  Code  Lc  mcg.o [1]
MCPSDataConfirm         0x00001f87    0x8  Code  Gb  main.o [1]
MCPSDataIndication      0x00001f8f    0xe  Code  Gb  main.o [1]
MCPSDataRequest         0x0000249d   0x84  Code  Gb  SMAC.o [1]
MCU_InitClock           0x000036e5   0x30  Code  Gb  Utilities.o [1]
MLMELinkQuality         0x000025e7   0x22  Code  Gb  SMAC.o [1]
MLMEPAOutputAdjust      0x00002781   0x58  Code  Gb  SMAC.o [1]
MLMERXEnableRequest     0x00002521   0xc6  Code  Gb  SMAC.o [1]
MLMERadioInit           0x00002609  0x110  Code  Gb  SMAC.o [1]
MLMEScanConfirm         0x00001f9d    0xc  Code  Gb  main.o [1]
MLMESetChannelRequest   0x00002719   0x68  Code  Gb  SMAC.o [1]
MLMESetPromiscuousMode  0x00002801   0x12  Code  Gb  SMAC.o [1]
MLMEXtalAdjust          0x000027d9   0x28  Code  Gb  SMAC.o [1]
MM_AddMsgToTrackingArray
                        0x000047ef    0x2  Code  Gb  MsgSystem.o [1]
MM_AddToPool            0x0000472d   0x14  Code  Gb  MsgSystem.o [1]
MM_Alloc                0x000047a1   0x10  Code  Gb  MsgSystem.o [1]
MM_AllocPool            0x00004741   0x60  Code  Gb  MsgSystem.o [1]
MM_Free                 0x000047b1   0x2a  Code  Gb  MsgSystem.o [1]
MM_Init                 0x0000464d   0x76  Code  Gb  MsgSystem.o [1]
MM_InitMsgTracking      0x000047ed    0x2  Code  Gb  MsgSystem.o [1]
MM_UpdateMsgTracking    0x000047f1    0x6  Code  Gb  MsgSystem.o [1]
MemoryCpy               0x000036d1   0x14  Code  Gb  Utilities.o [1]
NVIC_ClearPendingIRQ    0x0000362d   0x14  Code  Gb  Interrupt.o [1]
NVIC_DisableIRQ         0x00003591   0x66  Code  Gb  Interrupt.o [1]
NVIC_EnableIRQ          0x000034f5   0x9c  Code  Gb  Interrupt.o [1]
NVIC_SetPriority        0x000035f7   0x24  Code  Gb  Interrupt.o [1]
NV_FlashEraseSector     0x0000385b   0xb6  Code  Gb  NV_FlashHAL.o [1]
NV_FlashInit            0x00003835   0x26  Code  Gb  NV_FlashHAL.o [1]
NV_FlashProgramLongword
                        0x00003911  0x16e  Code  Gb  NV_FlashHAL.o [1]
NV_FlashProgramUnalignedLongword
                        0x00003a7f   0x84  Code  Gb  NV_FlashHAL.o [1]
NV_FlashRead            0x00003b19   0x14  Code  Gb  NV_FlashHAL.o [1]
NvFlashCommandSequence  0x00003739   0xfc  Code  Lc  NV_FlashHAL.o [1]
OptSwapEndianness       0x00001151   0x68  Code  Gb  main.o [1]
PHY_InterruptHandler    0x000065f9  0x2ca  Code  Gb  PhyISR.o [1]
PIT_ISR                 0x00000a95   0xf6  Code  Gb  main.o [1]
PIT_ITTERATIONS         0x1fff9230    0x4  Data  Gb  main.o [1]
PWRLib_LLWU_WakeupModuleEnable
                        0x00003c35   0x14  Code  Gb  PWRLib.o [1]
PWRLib_LPTMR_ClockStart
                        0x00003c49   0x7a  Code  Gb  PWRLib.o [1]
PWRLib_LPTMR_ClockStop  0x00003cc3   0x4a  Code  Gb  PWRLib.o [1]
PWRLib_MCU_Enter_VLLS1  0x00003b2d   0x30  Code  Gb  PWRLib.o [1]
PWRLib_Radio_Enter_AutoDoze
                        0x00003b5d   0x5c  Code  Gb  PWRLib.o [1]
PWRLib_Radio_Enter_Hibernate
                        0x00003bb9   0x7c  Code  Gb  PWRLib.o [1]
PhyInit                 0x0000613d  0x216  Code  Gb  PhyPacketProcessor.o [1]
PhyIsrSeqCleanup        0x00006519   0x50  Code  Gb  PhyISR.o [1]
PhyIsrTimeoutCleanup    0x00006569   0x80  Code  Gb  PhyISR.o [1]
PhyPassRxDataPtr        0x00006511    0x8  Code  Gb  PhyISR.o [1]
PhyPassRxParams         0x00006509    0x8  Code  Gb  PhyISR.o [1]
PhyPdDataConfirm        0x000028d9   0x58  Code  Gb  SMAC.o [1]
PhyPdDataIndication     0x00002931   0xc6  Code  Gb  SMAC.o [1]
PhyPdDataRequest        0x00005e41   0xe4  Code  Gb  PhyPlmeData.o [1]
PhyPlmeCcaConfirm       0x000029f7   0x54  Code  Gb  SMAC.o [1]
PhyPlmeCcaEdRequest     0x00005fdd   0xbc  Code  Gb  PhyPlmeData.o [1]
PhyPlmeEdConfirm        0x00002a4b   0x90  Code  Gb  SMAC.o [1]
PhyPlmeRxRequest        0x00005f25   0xb8  Code  Gb  PhyPlmeData.o [1]
PhyPlmeSetCurrentChannelRequestPAN0
                        0x00006099   0x3c  Code  Gb  PhyPlmeData.o [1]
PhyPlmeSetPwrLevelRequest
                        0x000060e1   0x12  Code  Gb  PhyPlmeData.o [1]
PhyPlmeSyncLossIndication
                        0x00002adb   0x8a  Code  Gb  SMAC.o [1]
PhyPpGetState           0x0000612d    0xe  Code  Gb  PhyPacketProcessor.o [1]
PhyPpSetCcaThreshold    0x0000611d   0x10  Code  Gb  PhyPacketProcessor.o [1]
PhyPpSetPromiscuous     0x000060f5   0x28  Code  Gb  PhyPacketProcessor.o [1]
PhyTimeDisableEventTimeout
                        0x000063cb   0x46  Code  Gb  PhyTime.o [1]
PhyTimeReadClock        0x00006411   0x14  Code  Gb  PhyTime.o [1]
PhyTimeRxTimeoutIndication
                        0x00002b65   0x1a  Code  Gb  SMAC.o [1]
PhyTimeSetEventTimeout  0x00006363   0x68  Code  Gb  PhyTime.o [1]
PhyTimeStartEventIndication
                        0x00002bad    0x2  Code  Gb  SMAC.o [1]
PhyXtalAdjust           0x00006353   0x10  Code  Gb  SimplePhy.o [1]
Phy_GetEnergyLevel      0x000065e9   0x10  Code  Gb  PhyISR.o [1]
PngSwapEndianness       0x000011b9   0x1c  Code  Gb  main.o [1]
PrintMenu               0x00002c27   0x24  Code  Gb  ConnectivityMenus.o [1]
ReceivePacket           0x00000cb9   0xd2  Code  Gb  main.o [1]
Region$$Table$$Base     0x00006a48          --   Gb  - Linker created -
Region$$Table$$Limit    0x00006a80          --   Gb  - Linker created -
SendBinaryPacket        0x00001579   0x36  Code  Gb  main.o [1]
SendCurrentOptions      0x000007b1   0x42  Code  Gb  main.o [1]
ShortCutsParser         0x00001fcd  0x10c  Code  Gb  main.o [1]
SmacFormatTxPacket      0x000028a7   0x32  Code  Gb  SMAC.o [1]
SmacScanTheNextChannel  0x00002813   0x78  Code  Gb  SMAC.o [1]
SmacSetRxTimeout        0x0000288b   0x1c  Code  Gb  SMAC.o [1]
SndSwapEndianness       0x00000d91  0x2d4  Code  Gb  main.o [1]
StartBattConversion     0x000023d7    0xe  Code  Gb  AD1.o [1]
StartTempConversion     0x0000240f    0xe  Code  Gb  AD1.o [1]
StartXConversion        0x000023e5    0xe  Code  Gb  AD1.o [1]
StartYConversion        0x000023f3    0xe  Code  Gb  AD1.o [1]
StartZConversion        0x00002401    0xe  Code  Gb  AD1.o [1]
Switch_Press_ISR        0x00005c53   0x5e  Code  Gb  Keyboard.o [1]
TMR_AllocateTimer       0x000030e9   0x2c  Code  Gb  Timer.o [1]
TMR_EnableTimer         0x0000345f   0x56  Code  Gb  Timer.o [1]
TMR_FreeTimer           0x00003115   0x18  Code  Gb  Timer.o [1]
TMR_GetTimerStatus      0x00002ff5    0xe  Code  Lc  Timer.o [1]
TMR_GetTimerType        0x0000301b    0xe  Code  Lc  Timer.o [1]
TMR_Init                0x0000304d   0x9c  Code  Gb  Timer.o [1]
TMR_InterruptHandler    0x0000312d   0x3c  Code  Gb  Timer.o [1]
TMR_SetTimerStatus      0x00003003   0x18  Code  Lc  Timer.o [1]
TMR_SetTimerType        0x00003029   0x18  Code  Lc  Timer.o [1]
TMR_StartIntervalTimer  0x000031e9   0x18  Code  Gb  Timer.o [1]
TMR_StartSingleShotTimer
                        0x00003201   0x18  Code  Gb  Timer.o [1]
TMR_StartTimer          0x00003169   0x80  Code  Gb  Timer.o [1]
TMR_StopTimer           0x00003219   0x72  Code  Gb  Timer.o [1]
TMR_Task                0x0000328b  0x1d4  Code  Gb  Timer.o [1]
TempSumx                0x1fff9238    0x4  Data  Gb  main.o [1]
TempSumy                0x1fff923c    0x4  Data  Gb  main.o [1]
TempSumz                0x1fff9240    0x4  Data  Gb  main.o [1]
TmrTicksFromMilliseconds
                        0x00003041    0xc  Code  Lc  Timer.o [1]
Uart1ErrorIsr           0x00005b81   0x6c  Code  Gb  UART.o [1]
Uart1Isr                0x00005afd   0x84  Code  Gb  UART.o [1]
Uart1_GetByteFromRxBuffer
                        0x0000594d   0x2c  Code  Gb  UART.o [1]
Uart1_IsTxActive        0x00005979   0x2c  Code  Gb  UART.o [1]
Uart1_SetBaud           0x000059dd   0x70  Code  Gb  UART.o [1]
Uart1_SetRxCallBack     0x000059b1   0x26  Code  Gb  UART.o [1]
Uart1_Transmit          0x00005a4d   0xaa  Code  Gb  UART.o [1]
UartBaseAddress_c       0x00006b24   0x10  Data  Gb  UART.o [1]
UartCancelReadData      0x000055c5   0x5a  Code  Lc  UART.o [1]
UartCancelWriteData     0x0000561f   0x52  Code  Lc  UART.o [1]
UartDivide              0x00004acd   0x14  Code  Lc  UART.o [1]
UartExecPendingCallbacks
                        0x00005827   0x5c  Code  Lc  UART.o [1]
UartGetByteFromRxBuffer
                        0x000056e1   0xf4  Code  Lc  UART.o [1]
UartGetConfig           0x00005109   0xc2  Code  Lc  UART.o [1]
UartGetStatus           0x00005681   0x5a  Code  Lc  UART.o [1]
UartOpen                0x00004ae1  0x186  Code  Lc  UART.o [1]
UartOpenCloseTransceiver
                        0x000057d5   0x52  Code  Lc  UART.o [1]
UartReadComplete        0x00004a6b   0x62  Code  Lc  UART.o [1]
UartReadData            0x000053f1  0x1d0  Code  Lc  UART.o [1]
UartReceiverIsr         0x000047f9   0x68  Code  Lc  UART.o [1]
UartSetConfig           0x00004c67  0x4a2  Code  Lc  UART.o [1]
UartSetReceiverThreshold
                        0x000051cb  0x116  Code  Lc  UART.o [1]
UartSetTransmitterThreshold
                        0x000052e1  0x110  Code  Lc  UART.o [1]
UartTransmitterIsr      0x00004861  0x20a  Code  Lc  UART.o [1]
Uart_ModuleInit         0x00005883   0xca  Code  Gb  UART.o [1]
VECT_DefaultISR         0x00006b75    0x4  Code  Gb  vectors.o [1]
VECT_HWfaultISR         0x00006b79    0x4  Code  Gb  vectors.o [1]
VECT_NMIInterrupt       0x00006b71    0x2  Code  Gb  vectors.o [1]
ValidateOptions         0x0000071f   0x92  Code  Gb  main.o [1]
WUApp_InitLowPowerMode  0x000017a1   0x26  Code  Gb  main.o [1]
WUApp_InitWakupSource   0x0000177b   0x20  Code  Gb  main.o [1]
WUApp_LPRestoreSettings
                        0x00001de5  0x174  Code  Gb  main.o [1]
WUApp_LowPowerWhile     0x0000176b   0x10  Code  Gb  main.o [1]
WUApp_LowPwrStateMachine
                        0x000007f3  0x102  Code  Gb  main.o [1]
WUApp_PrepareToEnterLowPower
                        0x00001ab5  0x2dc  Code  Gb  main.o [1]
__BOOT_STACK_ADDRESS {Abs}
                        0x20007ff8          --   Gb  command line/config [2]
__VECTOR_TABLE {Abs}    0x00000000          --   Gb  command line/config [2]
__as_entries_start      0xffffffff          --   Gb  command line/config [2]
__as_table_start        0xffffffff          --   Gb  command line/config [2]
__cmain                 0x00006ac1         Code  Gb  cmain.o [4]
__exit                  0x00006aed   0x14  Code  Gb  exit.o [5]
__iar_copy_init3        0x0000226f   0x2e  Code  Gb  copy_init3.o [4]
__iar_data_init3        0x000069d9   0x28  Code  Gb  data_init.o [4]
__iar_program_start     0x00006b7d         Code  Gb  cstartup_M.o [4]
__iar_unaligned___aeabi_memcpy4
                        0x00002bd1         Code  Gb  ABImemcpy_unaligned.o [4]
__iar_unaligned___aeabi_memcpy8
                        0x00002bd1         Code  Gb  ABImemcpy_unaligned.o [4]
__iar_zero_init3        0x00002baf   0x22  Code  Gb  zero_init3.o [4]
__low_level_init        0x000068d1   0x60  Code  Gb  crt0.o [1]
__region_RAM2_end__ {Abs}
                        0x20007fff          --   Gb  command line/config [2]
__region_RAM2_start__ {Abs}
                        0x20000000          --   Gb  command line/config [2]
__region_RAM_end__ {Abs}
                        0x1fffffff          --   Gb  command line/config [2]
__region_RAM_start__ {Abs}
                        0x1fff8000          --   Gb  command line/config [2]
__region_ROM_end__ {Abs}
                        0x0007ffff          --   Gb  command line/config [2]
__region_ROM_start__ {Abs}
                        0x00000000          --   Gb  command line/config [2]
__size_cstack__ {Abs}   0x00000400          --   Gb  command line/config [2]
__vector_table          0x00000000  0x144  Data  Gb  vectors.o [1]
_call_main              0x00006acd         Code  Gb  cmain.o [4]
_exit                   0x00006ae1         Code  Gb  cexit.o [4]
_main                   0x00006ad7         Code  Gb  cmain.o [4]
appState                0x1fff9297    0x1  Data  Gb  main.o [1]
bCommGetDataTimerFlag   0x1fff92b0    0x1  Data  Gb  main.o [1]
bGotoLowPwrFlag         0x1fff9293    0x1  Data  Gb  main.o [1]
bLPTMRWakeupFlag        0x1fff9296    0x1  Data  Gb  main.o [1]
bReturnToMainMenuFlag   0x1fff9295    0x1  Data  Gb  main.o [1]
bRxDone                 0x1fff929b    0x1  Data  Gb  main.o [1]
bScanDone               0x1fff929c    0x1  Data  Gb  main.o [1]
bTxDone                 0x1fff929a    0x1  Data  Gb  main.o [1]
bTxOtaBusyFlag          0x1fff92af    0x1  Data  Gb  main.o [1]
bestChannel             0x1fff929d    0x1  Data  Gb  main.o [1]
cTxRxState              0x1fff92aa    0x1  Data  Gb  main.o [1]
cau8WUContinueAskString
                        0x00006ba0    0x8  Data  Gb  ConnectivityMenus.o [1]
cau8WUGotoVLLS1String   0x00006b40    0xc  Data  Gb  ConnectivityMenus.o [1]
cau8WUInvalidValueString
                        0x00006b58    0xc  Data  Gb  ConnectivityMenus.o [1]
cau8WUIsVLLS1ModeString
                        0x00006b34    0xc  Data  Gb  ConnectivityMenus.o [1]
cau8WULPTMRString       0x00006ba8    0x8  Data  Gb  ConnectivityMenus.o [1]
cau8WULPTMRWakeupString
                        0x00006b98    0x8  Data  Gb  ConnectivityMenus.o [1]
cau8WUVLLS1String       0x00006bb0    0x8  Data  Gb  ConnectivityMenus.o [1]
cau8WUWait4Option       0x00006b4c    0xc  Data  Gb  ConnectivityMenus.o [1]
connState               0x1fff92a9    0x1  Data  Gb  main.o [1]
contTestRunning         0x1fff92a5    0x1  Data  Gb  main.o [1]
delayMs                 0x00003665   0x6c  Code  Gb  Utilities.o [1]
evDataFromCOMM          0x1fff92a6    0x1  Data  Gb  main.o [1]
evTestParameters        0x1fff92a7    0x1  Data  Gb  main.o [1]
exit                    0x00006adb    0x4  Code  Gb  exit.o [3]
gAppRxPacket            0x1fff9224    0x4  Data  Lc  main.o [1]
gAppTxPacket            0x1fff9220    0x4  Data  Lc  main.o [1]
gConfigState            0x1fff9290    0x1  Data  Gb  main.o [1]
gFlashDeadBeef          0x1fff922c    0x4  Data  Gb  main.o [1]
gFreeMessagesCount      0x1fff92b5    0x1  Data  Gb  MsgSystem.o [1]
gIsAck                  0x1fff9298    0x1  Data  Gb  main.o [1]
gIsMyAck                0x1fff9299    0x1  Data  Gb  main.o [1]
gLPConfigState          0x1fff9291    0x1  Data  Gb  main.o [1]
gLastLPConfigState      0x1fff9292    0x1  Data  Gb  main.o [1]
gMCG_coreClkKHz         0x1fff9248    0x4  Data  Gb  mcg.o [1]
gMCG_coreClkMHz         0x1fff924c    0x4  Data  Gb  mcg.o [1]
gMCG_periphClkKHz       0x1fff9250    0x4  Data  Gb  mcg.o [1]
gOpt                    0x1fff9188   0x20  Data  Gb  main.o [1]
gOptions                0x1fff91a8   0x18  Data  Gb  main.o [1]
gPhyCurrentChannelPAN0  0x1fff8051    0x1  Data  Lc  PhyPlmeData.o [1]
gPng                    0x1fff91f8    0x8  Data  Gb  main.o [1]
gRxTimeout              0x1fff9228    0x4  Data  Gb  main.o [1]
gSnd                    0x1fff9038   0x48  Data  Lc  main.o [1]
g_DEAD_BEEF             0x00006bc4    0x4  Data  Gb  main.o [1]
gau8RxDataBuffer        0x1fff8f34   0x84  Data  Lc  main.o [1]
gau8TxDataBuffer        0x1fff8fb8   0x80  Data  Lc  main.o [1]
gu8CommData             0x1fff929e    0x1  Data  Gb  main.o [1]
mBufferTimerID          0x1fff8050    0x1  Data  Gb  main.o [1]
mClkSourceKhz           0x1fff8048    0x4  Data  Lc  Timer.o [1]
mLEDInterval1_c         0x1fff804c    0x2  Data  Gb  main.o [1]
mLEDTimerID             0x1fff804e    0x1  Data  Lc  LED.o [1]
mLEDTimerID_1           0x1fff804f    0x1  Data  Gb  main.o [1]
mLedBlips               0x1fff9208    0x4  Data  Lc  LED.o [1]
mLedFlashingLEDs        0x1fff928f    0x1  Data  Lc  LED.o [1]
mMaxToCountDown_c       0x1fff928c    0x2  Data  Lc  Timer.o [1]
mPWRLib_RTIRemainingTicks
                        0x1fff9264    0x4  Data  Lc  PWRLib.o [1]
mSci1TxBufRefLeadingIndex
                        0x1fff92c1    0x1  Data  Lc  UART.o [1]
mSci1TxBufRefTrailingIndex
                        0x1fff92c2    0x1  Data  Lc  UART.o [1]
mSci1TxCurIndex         0x1fff92c0    0x1  Data  Lc  UART.o [1]
mStatusAndControlRegs   0x1fff91ec    0xc  Data  Gb  PhyISR.o [1]
mTicksFor4ms            0x1fff9278    0x4  Data  Lc  Timer.o [1]
mUartModule             0x1fff8e64   0xd0  Data  Lc  UART.o [1]
maMacHeap               0x1fff8054  0xb7c  Data  Gb  MsgSystem.o [1]
maMmPools               0x1fff9080   0x24  Data  Gb  MsgSystem.o [1]
maSci1RxBuf             0x1fff8d68   0xfc  Data  Lc  UART.o [1]
maSci1TxBufLenTable     0x1fff927c    0x4  Data  Lc  UART.o [1]
maSci1TxBufRefTable     0x1fff91c0   0x18  Data  Lc  UART.o [1]
maTmrTimerStatusTable   0x1fff90a4   0x24  Data  Lc  Timer.o [1]
maTmrTimerTable         0x1fff8bd0  0x198  Data  Lc  Timer.o [1]
main                    0x00000411  0x30e  Code  Gb  main.o [1]
mfLedInSerialMode       0x1fff928e    0x1  Data  Lc  LED.o [1]
mpRxData                0x1fff9260    0x4  Data  Lc  PhyISR.o [1]
mpRxParams              0x1fff925c    0x4  Data  Lc  PhyISR.o [1]
numberOfActiveTimers    0x1fff92bb    0x1  Data  Lc  Timer.o [1]
numberOfLowPowerActiveTimers
                        0x1fff92bc    0x1  Data  Lc  Timer.o [1]
pMacPool                0x1fff9254    0x4  Data  Gb  MsgSystem.o [1]
pTestPacket             0x1fff926c    0x4  Data  Lc  SMAC.o [1]
perRxState              0x1fff92ac    0x1  Data  Gb  main.o [1]
perTxState              0x1fff92ab    0x1  Data  Gb  main.o [1]
pfSci1RxCallBack        0x1fff9280    0x4  Data  Lc  UART.o [1]
pll_frac                0x00006aa0   0x20  Data  Lc  PhyPlmeData.o [1]
pll_int                 0x00006b14   0x10  Data  Lc  PhyPlmeData.o [1]
poolInfo                0x00006b64    0xc  Data  Gb  MsgSystem.o [1]
prevOpMode              0x1fff92a0    0x1  Data  Gb  main.o [1]
previousTimeInTicks     0x1fff928a    0x2  Data  Lc  Timer.o [1]
pu8GotoLowPowerString   0x1fff9214    0x4  Data  Gb  main.o [1]
pu8MainLowPowerString   0x1fff920c    0x4  Data  Gb  main.o [1]
pu8MainWakeupSourceString
                        0x1fff9210    0x4  Data  Gb  main.o [1]
pu8NowInLowPowerString  0x1fff9218    0x4  Data  Gb  main.o [1]
pu8WakeupSourceString   0x1fff921c    0x4  Data  Gb  main.o [1]
rangeRxState            0x1fff92ae    0x1  Data  Gb  main.o [1]
rangeTxState            0x1fff92ad    0x1  Data  Gb  main.o [1]
rxTestIndex             0x1fff92b3    0x1  Data  Gb  main.o [1]
sensorID                0x1fff9284    0x2  Data  Gb  main.o [1]
sentPackets             0x1fff9286    0x2  Data  Gb  main.o [1]
settingsAddress         0x00006bc8    0x4  Data  Gb  main.o [1]
shortCutsEnabled        0x1fff92a8    0x1  Data  Gb  main.o [1]
smacChannelsBeingScanned
                        0x1fff9288    0x2  Data  Lc  SMAC.o [1]
smacClearestChann       0x1fff92ba    0x1  Data  Lc  SMAC.o [1]
smacCurrentChannel      0x1fff92b8    0x1  Data  Lc  SMAC.o [1]
smacEdValue             0x1fff92b6    0x1  Data  Lc  SMAC.o [1]
smacFlags               0x1fff9274    0x4  Data  Gb  SMAC.o [1]
smacLastDataRxParams    0x1fff9200    0x8  Data  Lc  SMAC.o [1]
smacProccesPacketPtr    0x1fff9270    0x4  Data  Lc  SMAC.o [1]
smacScanCurrentChannel  0x1fff92b9    0x1  Data  Lc  SMAC.o [1]
smacState               0x1fff92b7    0x1  Data  Lc  SMAC.o [1]
smacTimeout             0x1fff9268    0x4  Data  Lc  SMAC.o [1]
testChannel             0x1fff92a1    0x1  Data  Gb  main.o [1]
testOpMode              0x1fff929f    0x1  Data  Gb  main.o [1]
testPayloadLen          0x1fff92a4    0x1  Data  Gb  main.o [1]
testPower               0x1fff92a2    0x1  Data  Gb  main.o [1]
testTrimmValue          0x1fff92a3    0x1  Data  Gb  main.o [1]
timerHardwareIsRunning  0x1fff92bd    0x1  Data  Lc  Timer.o [1]
txTestIndex             0x1fff92b2    0x1  Data  Gb  main.o [1]
u32GPIOs_PDDRBackup     0x1fff9168   0x20  Data  Gb  main.o [1]
u32GPIOs_PDORBackup     0x1fff9148   0x20  Data  Gb  main.o [1]
u32PortAPCRBackup       0x1fff90c8   0x20  Data  Gb  main.o [1]
u32PortBPCRBackup       0x1fff90e8   0x20  Data  Gb  main.o [1]
u32PortCPCRBackup       0x1fff9108   0x20  Data  Gb  main.o [1]
u32PortEPCRBackup       0x1fff9128   0x20  Data  Gb  main.o [1]
u32SCGCxBackup          0x1fff91d8   0x14  Data  Gb  main.o [1]
u8SequencePointerCounter
                        0x1fff9294    0x1  Data  Gb  main.o [1]
uart1_ungetByte         0x1fff92bf    0x1  Data  Lc  UART.o [1]
uart1_ungetFlag         0x1fff92be    0x1  Data  Lc  UART.o [1]


[1] = F:\Guardrail Work\Sensor Code\Git Repo\Sensor Code Sequential ADC Reads\Shanit Origional Code\Connectivity Test\Debug\Obj
[2] = command line
[3] = dl7M_tln.a
[4] = rt7M_tl.a
[5] = shb_l.a

  26 016 bytes of readonly  code memory
      72 bytes of readwrite code memory
     880 bytes of readonly  data memory
   4 729 bytes of readwrite data memory

Errors: none
Warnings: none
